ERC report (2026-09-14T13:45:02, Encoding UTF8)
Report includes: Errors, Warnings

***** Sheet /
[pin_not_connected]: Pin not connected
    ; error
    @(101.60 mm, 71.12 mm): Hierarchical Sheet Pin 'EN_3V3SW'
[pin_not_connected]: Pin not connected
    ; error
    @(101.60 mm, 76.20 mm): Hierarchical Sheet Pin 'EN_BOOST'
[pin_not_connected]: Pin not connected
    ; error
    @(146.05 mm, 60.96 mm): Hierarchical Sheet Pin '+3V3_ALW'
[pin_not_connected]: Pin not connected
    ; error
    @(146.05 mm, 66.04 mm): Hierarchical Sheet Pin '+3V3_SW'
[pin_not_connected]: Pin not connected
    ; error
    @(146.05 mm, 71.12 mm): Hierarchical Sheet Pin '+5V'
[pin_not_connected]: Pin not connected
    ; error
    @(146.05 mm, 76.20 mm): Hierarchical Sheet Pin '+24V'

***** Sheet /power_input/

***** Sheet /mcu_can/

***** Sheet /rails/

***** Sheet /outputs/

 ** ERC messages: 6  Errors 6  Warnings 0

 ** Ignored checks:
    - Global label only appears once in the schematic
    - Four connection points are joined together
    - SPICE model issue
    - Assigned footprint doesn't match footprint filters
